current directory: /Users/clairebookworm/Documents/github/davydeng1.github.io/.gems/gems/date-3.5.1/ext/date
/opt/homebrew/opt/ruby/bin/ruby extconf.rb
checking for rb_category_warn()... yes
checking for timezone in time.h with -Werror... yes
checking for altzone in time.h with -Werror... no
creating Makefile

current directory: /Users/clairebookworm/Documents/github/davydeng1.github.io/.gems/gems/date-3.5.1/ext/date
make -j13 DESTDIR\= sitearchdir\=./.gem.20260803-1598-ty1nvh sitelibdir\=./.gem.20260803-1598-ty1nvh clean

current directory: /Users/clairebookworm/Documents/github/davydeng1.github.io/.gems/gems/date-3.5.1/ext/date
make -j13 DESTDIR\= sitearchdir\=./.gem.20260803-1598-ty1nvh sitelibdir\=./.gem.20260803-1598-ty1nvh
compiling date_core.c
compiling date_parse.c
compiling date_strftime.c
compiling date_strptime.c
linking shared-object date_core.bundle

current directory: /Users/clairebookworm/Documents/github/davydeng1.github.io/.gems/gems/date-3.5.1/ext/date
make -j13 DESTDIR\= sitearchdir\=./.gem.20260803-1598-ty1nvh sitelibdir\=./.gem.20260803-1598-ty1nvh install
/usr/bin/install -c -m 0755 date_core.bundle ./.gem.20260803-1598-ty1nvh

current directory: /Users/clairebookworm/Documents/github/davydeng1.github.io/.gems/gems/date-3.5.1/ext/date
make DESTDIR\= sitearchdir\=./.gem.20260803-1598-ty1nvh sitelibdir\=./.gem.20260803-1598-ty1nvh clean
